// Jest Snapshot v1, https://goo.gl/fbAQLP

exports[`renders correctly 1`] = `ShallowWrapper {}`;

exports[`review button renders correctly 1`] = `ShallowWrapper {}`;
